https://www.server-world.info/en/note?os=CentOS_6&p=ipa
http://www.tuicool.com/articles/jYVVr2E
https://www.freeipa.org/page/Quick_Start_Guide#Web_User_Interface

yum -y install ipa-server bind bind-dyndb-ldap


ipa-server-install

==============================================================================
Setup complete

Next steps:
	1. You must make sure these network ports are open:
		TCP Ports:
		  * 80, 443: HTTP/HTTPS
		  * 389, 636: LDAP/LDAPS
		  * 88, 464: kerberos
		UDP Ports:
		  * 88, 464: kerberos
		  * 123: ntp

	2. You can now obtain a kerberos ticket using the command: 'kinit admin'
	   This ticket will allow you to use the IPA tools (e.g., ipa user-add)
	   and the web user interface.
	   
firewall-cmd --permanent --add-service=ntp

firewall-cmd --permanent --add-service=http

firewall-cmd --permanent --add-service=https

firewall-cmd --permanent --add-service=ldap

firewall-cmd --permanent --add-service=ldaps

firewall-cmd --permanent --add-service=kerberos

firewall-cmd --permanent --add-service=kpasswd
firewall-cmd --reload


authconfig --enablemkhomedir --update
chkconfig sssd on



[root@localhost ~]# hostnamectl --static set-hostname ipa.example.com
[yangxy@ipa ~]$ cat /etc/hosts
127.0.0.1   localhost localhost.localdomain localhost4 localhost4.localdomain4
::1         localhost localhost.localdomain localhost6 localhost6.localdomain6
192.168.88.136 ipa.example.com ipa

[root@localhost ~]# yum -y install ipa-server bind bind-dyndb-ldap
[root@localhost ~]# ipa-server-install

The log file for this installation can be found in /var/log/ipaserver-install.log
==============================================================================
This program will set up the IPA Server.

This includes:
  * Configure a stand-alone CA (dogtag) for certificate management
  * Configure the Network Time Daemon (ntpd)
  * Create and configure an instance of Directory Server
  * Create and configure a Kerberos Key Distribution Center (KDC)
  * Configure Apache (httpd)

To accept the default shown in brackets, press the Enter key.

WARNING: conflicting time&date synchronization service 'chronyd' will be disabled
in favor of ntpd

Do you want to configure integrated DNS (BIND)? [no]: 

Enter the fully qualified domain name of the computer
on which you're setting up server software. Using the form
<hostname>.<domainname>
Example: master.example.com.


Server host name [ipa.example.com]: 

The domain name has been determined based on the host name.

Please confirm the domain name [example.com]: 

The kerberos protocol requires a Realm name to be defined.
This is typically the domain name converted to uppercase.

Please provide a realm name [EXAMPLE.COM]: example.com
An upper-case realm name is required.
Do you want to use EXAMPLE.COM as realm name? [yes]: yes

Certain directory server operations require an administrative user.
This user is referred to as the Directory Manager and has full access
to the Directory for system management tasks and will be added to the
instance of directory server created for IPA.
The password must be at least 8 characters long.

Directory Manager password: 
Password (confirm): 

The IPA server requires an administrative user, named 'admin'.
This user is a regular system account used for IPA server administration.

IPA admin password: 
Password (confirm): 


The IPA Master Server will be configured with:
Hostname:       ipa.example.com
IP address(es): 192.168.88.136
Domain name:    example.com
Realm name:     EXAMPLE.COM

Continue to configure the system with these values? [no]: 
ipa.ipapython.install.cli.install_tool(Server): ERROR    Installation aborted
[root@localhost ~]# ipa-server-install

The log file for this installation can be found in /var/log/ipaserver-install.log
==============================================================================
This program will set up the IPA Server.

This includes:
  * Configure a stand-alone CA (dogtag) for certificate management
  * Configure the Network Time Daemon (ntpd)
  * Create and configure an instance of Directory Server
  * Create and configure a Kerberos Key Distribution Center (KDC)
  * Configure Apache (httpd)

To accept the default shown in brackets, press the Enter key.

WARNING: conflicting time&date synchronization service 'chronyd' will be disabled
in favor of ntpd

Do you want to configure integrated DNS (BIND)? [no]: 

Enter the fully qualified domain name of the computer
on which you're setting up server software. Using the form
<hostname>.<domainname>
Example: master.example.com.


Server host name [ipa.example.com]: 


The domain name has been determined based on the host name.

Please confirm the domain name [example.com]: 
The kerberos protocol requires a Realm name to be defined.
This is typically the domain name converted to uppercase.

Please provide a realm name [EXAMPLE.COM]: 
Certain directory server operations require an administrative user.
This user is referred to as the Directory Manager and has full access
to the Directory for system management tasks and will be added to the
instance of directory server created for IPA.
The password must be at least 8 characters long.

Directory Manager password: 
Password (confirm): 

The IPA server requires an administrative user, named 'admin'.
This user is a regular system account used for IPA server administration.

IPA admin password: 
Password (confirm): 


The IPA Master Server will be configured with:
Hostname:       ipa.example.com
IP address(es): 192.168.88.136
Domain name:    example.com
Realm name:     EXAMPLE.COM

Continue to configure the system with these values? [no]: yes

The following operations may take some minutes to complete.
Please wait until the prompt is returned.

Configuring NTP daemon (ntpd)
  [1/4]: stopping ntpd
  [2/4]: writing configuration
  [3/4]: configuring ntpd to start on boot
  [4/4]: starting ntpd
Done configuring NTP daemon (ntpd).
Configuring directory server (dirsrv). Estimated time: 1 minute
  [1/42]: creating directory server user
  [2/42]: creating directory server instance
  [3/42]: adding default schema
  [4/42]: enabling memberof plugin
  [5/42]: enabling winsync plugin
  [6/42]: configuring replication version plugin
  [7/42]: enabling IPA enrollment plugin
  [8/42]: enabling ldapi
  [9/42]: configuring uniqueness plugin
  [10/42]: configuring uuid plugin
  [11/42]: configuring modrdn plugin
  [12/42]: configuring DNS plugin
  [13/42]: enabling entryUSN plugin
  [14/42]: configuring lockout plugin
  [15/42]: creating indices
  [16/42]: enabling referential integrity plugin
  [17/42]: configuring certmap.conf
  [18/42]: configure autobind for root
  [19/42]: configure new location for managed entries
  [20/42]: configure dirsrv ccache
  [21/42]: enable SASL mapping fallback
  [22/42]: restarting directory server
  [23/42]: adding default layout
  [24/42]: adding delegation layout
  [25/42]: creating container for managed entries
  [26/42]: configuring user private groups
  [27/42]: configuring netgroups from hostgroups
  [28/42]: creating default Sudo bind user
  [29/42]: creating default Auto Member layout
  [30/42]: adding range check plugin
  [31/42]: creating default HBAC rule allow_all
  [32/42]: adding entries for topology management
  [33/42]: initializing group membership
  [34/42]: adding master entry
  [35/42]: initializing domain level
  [36/42]: configuring Posix uid/gid generation
  [37/42]: adding replication acis
  [38/42]: enabling compatibility plugin
  [39/42]: activating sidgen plugin
  [40/42]: activating extdom plugin
  [41/42]: tuning directory server
  [42/42]: configuring directory to start on boot
Done configuring directory server (dirsrv).
Configuring certificate server (pki-tomcatd). Estimated time: 3 minutes 30 seconds
  [1/28]: creating certificate server user
  [2/28]: configuring certificate server instance
  [3/28]: stopping certificate server instance to update CS.cfg
  [4/28]: backing up CS.cfg
  [5/28]: disabling nonces
  [6/28]: set up CRL publishing
  [7/28]: enable PKIX certificate path discovery and validation
  [8/28]: starting certificate server instance
  [9/28]: creating RA agent certificate database
  [10/28]: importing CA chain to RA certificate database
  [11/28]: fixing RA database permissions
  [12/28]: setting up signing cert profile
  [13/28]: setting audit signing renewal to 2 years
  [14/28]: restarting certificate server
  [15/28]: requesting RA certificate from CA
  [16/28]: issuing RA agent certificate
  [17/28]: adding RA agent as a trusted user
  [18/28]: authorizing RA to modify profiles
  [19/28]: configure certmonger for renewals
  [20/28]: configure certificate renewals
  [21/28]: configure RA certificate renewal
  [22/28]: configure Server-Cert certificate renewal
  [23/28]: Configure HTTP to proxy connections
  [24/28]: restarting certificate server
  [25/28]: migrating certificate profiles to LDAP
  [26/28]: importing IPA certificate profiles
  [27/28]: adding default CA ACL
  [28/28]: updating IPA configuration
Done configuring certificate server (pki-tomcatd).
Configuring directory server (dirsrv). Estimated time: 10 seconds
  [1/3]: configuring ssl for ds instance
  [2/3]: restarting directory server
  [3/3]: adding CA certificate entry
Done configuring directory server (dirsrv).
Configuring Kerberos KDC (krb5kdc). Estimated time: 30 seconds
  [1/10]: adding sasl mappings to the directory
  [2/10]: adding kerberos container to the directory
  [3/10]: configuring KDC
  [4/10]: initialize kerberos container
  [5/10]: adding default ACIs
  [6/10]: creating a keytab for the directory
  [7/10]: creating a keytab for the machine
  [8/10]: adding the password extension to the directory
  [9/10]: starting the KDC
  [10/10]: configuring KDC to start on boot
Done configuring Kerberos KDC (krb5kdc).
Configuring kadmin
  [1/2]: starting kadmin 
  [2/2]: configuring kadmin to start on boot
Done configuring kadmin.
Configuring ipa_memcached
  [1/2]: starting ipa_memcached 
  [2/2]: configuring ipa_memcached to start on boot
Done configuring ipa_memcached.
Configuring ipa-otpd
  [1/2]: starting ipa-otpd 
  [2/2]: configuring ipa-otpd to start on boot
Done configuring ipa-otpd.
Configuring the web interface (httpd). Estimated time: 1 minute
  [1/19]: setting mod_nss port to 443
  [2/19]: setting mod_nss protocol list to TLSv1.0 - TLSv1.2
  [3/19]: setting mod_nss password file
  [4/19]: enabling mod_nss renegotiate
  [5/19]: adding URL rewriting rules
  [6/19]: configuring httpd
  [7/19]: configure certmonger for renewals
  [8/19]: setting up ssl
  [9/19]: importing CA certificates from LDAP
  [10/19]: setting up browser autoconfig
  [11/19]: publish CA cert
  [12/19]: creating a keytab for httpd
  [13/19]: clean up any existing httpd ccache
  [14/19]: configuring SELinux for httpd
  [15/19]: create KDC proxy user
  [16/19]: create KDC proxy config
  [17/19]: enable KDC proxy
  [18/19]: restarting httpd
  [19/19]: configuring httpd to start on boot
Done configuring the web interface (httpd).
Applying LDAP updates
Upgrading IPA:
  [1/9]: stopping directory server
  [2/9]: saving configuration
  [3/9]: disabling listeners
  [4/9]: enabling DS global lock
  [5/9]: starting directory server
  [6/9]: upgrading server
  [7/9]: stopping directory server
  [8/9]: restoring configuration
  [9/9]: starting directory server
Done.
Restarting the directory server
Restarting the KDC
Sample zone file for bind has been created in /tmp/sample.zone.dRI5gL.db
Restarting the web server
==============================================================================
Setup complete

Next steps:
	1. You must make sure these network ports are open:
		TCP Ports:
		  * 80, 443: HTTP/HTTPS
		  * 389, 636: LDAP/LDAPS
		  * 88, 464: kerberos
		UDP Ports:
		  * 88, 464: kerberos
		  * 123: ntp

	2. You can now obtain a kerberos ticket using the command: 'kinit admin'
	   This ticket will allow you to use the IPA tools (e.g., ipa user-add)
	   and the web user interface.

Be sure to back up the CA certificates stored in /root/cacert.p12
These files are required to create replicas. The password for these
files is the Directory Manager password

https://ipa.example.com
user:admin 
password:csdn.net

[root@localhost ~]# kinit admin
Password for admin@EXAMPLE.COM: 
[root@localhost ~]# klist 
Ticket cache: KEYRING:persistent:0:0
Default principal: admin@EXAMPLE.COM

Valid starting       Expires              Service principal
08/26/2016 17:39:39  08/27/2016 17:39:36  krbtgt/EXAMPLE.COM@EXAMPLE.COM
[root@localhost ~]# ipa user-add
First name: yang
Last name: xueyou
User login [yxueyou]: yangxy
-------------------
Added user "yangxy"
-------------------
  User login: yangxy
  First name: yang
  Last name: xueyou
  Full name: yang xueyou
  Display name: yang xueyou
  Initials: yx
  Home directory: /home/yangxy
  GECOS: yang xueyou
  Login shell: /bin/sh
  Kerberos principal: yangxy@EXAMPLE.COM
  Email address: yangxy@example.com
  UID: 316200001
  GID: 316200001
  Password: False
  Member of groups: ipausers
  Kerberos keys available: False
[root@localhost ~]# ipa passwd yangxy
New Password: 
Enter New Password again to verify: 
-----------------------------------------
Changed password for "yangxy@EXAMPLE.COM"
-----------------------------------------
[root@localhost ~]# 


[root@localhost csdn]# yum -y install ipa-client
[root@localhost csdn]# hostnamectl --static set-hostname client01.example.com
[root@localhost csdn]# vi /etc/resolv.conf 
search example.com
nameserver 192.168.88.2
[root@localhost csdn]# cat /etc/hosts
127.0.0.1   localhost localhost.localdomain localhost4 localhost4.localdomain4
::1         localhost localhost.localdomain localhost6 localhost6.localdomain6
192.168.88.136 ipa.example.com ipa
192.168.88.134 client01.example.com client01
[root@localhost csdn]# 

[root@localhost csdn]# ipa-client-install
WARNING: ntpd time&date synchronization service will not be configured as
conflicting service (chronyd) is enabled
Use --force-ntpd option to disable it and force configuration of ntpd

DNS discovery failed to determine your DNS domain
Provide the domain name of your IPA server (ex: example.com): 
Provide the domain name of your IPA server (ex: example.com): ipa
Provide your IPA server name (ex: ipa.example.com): 
Provide your IPA server name (ex: ipa.example.com): ipa.example.com
The failure to use DNS to find your IPA server indicates that your resolv.conf file is not properly configured.
Autodiscovery of servers for failover cannot work with this configuration.
If you proceed with the installation, services will be configured to always access the discovered server for all operations and will not fail over to other servers in case of failure.
Proceed with fixed values and no DNS discovery? [no]: yes
Client hostname: client01.example.com
Realm: EXAMPLE.COM
DNS Domain: ipa
IPA Server: ipa.example.com
BaseDN: dc=example,dc=com

Continue to configure the system with these values? [no]: yes
Skipping synchronizing time with NTP server.
User authorized to enroll computers: admin
Password for admin@EXAMPLE.COM: 
Successfully retrieved CA cert
    Subject:     CN=Certificate Authority,O=EXAMPLE.COM
    Issuer:      CN=Certificate Authority,O=EXAMPLE.COM
    Valid From:  Fri Aug 26 09:16:29 2016 UTC
    Valid Until: Tue Aug 26 09:16:29 2036 UTC

Enrolled in IPA realm EXAMPLE.COM
Created /etc/ipa/default.conf
New SSSD config will be created
Configured sudoers in /etc/nsswitch.conf
Configured /etc/sssd/sssd.conf
Configured /etc/krb5.conf for IPA realm EXAMPLE.COM
trying https://ipa.example.com/ipa/json
Forwarding 'ping' to json server 'https://ipa.example.com/ipa/json'
Forwarding 'ca_is_enabled' to json server 'https://ipa.example.com/ipa/json'
Systemwide CA database updated.
Added CA certificates to the default NSS database.
Hostname (client01.example.com) does not have A/AAAA record.
Failed to update DNS records.
Missing A/AAAA record(s) for host client01.example.com: 192.168.88.134.
Missing reverse record(s) for address(es): 192.168.88.134.
Adding SSH public key from /etc/ssh/ssh_host_rsa_key.pub
Adding SSH public key from /etc/ssh/ssh_host_ecdsa_key.pub
Adding SSH public key from /etc/ssh/ssh_host_ed25519_key.pub
Forwarding 'host_mod' to json server 'https://ipa.example.com/ipa/json'
Could not update DNS SSHFP records.
SSSD enabled
Configured /etc/openldap/ldap.conf
Configured /etc/ssh/ssh_config
Configured /etc/ssh/sshd_config
Configuring ipa as NIS domain.
Client configuration complete.
[root@localhost csdn]# id yangxy
uid=316200001(yangxy) gid=316200001(yangxy) groups=316200001(yangxy)
[root@localhost csdn]# 






Log Gathering and Transport
To meet the defined use cases, at least following logs have to be gathered from the FreeIPA server:

/var/log/httpd/error_log: FreeIPA API call logs (and Apache errors)
/var/log/krb5kdc.log: FreeIPA KDC utilization
/var/log/dirsrv/slapd-$REALM/access: Directory Server utilization
/var/log/dirsrv/slapd-$REALM/errors: Directory Server errors (including mentioned replication errors)
/var/log/pki/pki-tomcat/ca/transactions: FreeIPA PKI transactions/logs

FreeIPA client logs:

/var/log/sssd/*.log: SSSD logs (multiple, for all tracked logs)
/var/log/audit/audit.log: user login attempts
/var/log/secure: reasons why user login failed

For easier FreeIPA log forwarding configuration, ipa-log-config tool can be used. Visit its github page for more information and usage.